import Dfa
dfa = Dfa v q s z delta
  where 
	 v = "aeiouy"
	 q = [1,2,3]
	 s = 1
	 z = [1,2]
	 -- delta :: st -> sy -> st 
	 delta 1 'a' = 1
	 delta 1 'e' = 1
	 delta 1 'i' = 1
	 delta 1 'o' = 1
	 delta 1 'u' = 1
	 delta 1 'y' = 2
	 delta 2 'a' = 3
	 delta 2 'e' = 3
	 delta 2 'i' = 3
	 delta 2 'o' = 3
	 delta 2 'u' = 3
	 delta 2 'y' = 3
	 delta 3 'a' = 3
	 delta 3 'e' = 3
	 delta 3 'i' = 3
	 delta 3 'o' = 3
	 delta 3 'u' = 3
	 delta 3 'y' = 3


