              0.00              500.00             1000.00             2000.00  
              0.23              454.00             1236.00             2788.00  
              0.69             2525.00              800.00             7821.00  
              1.33             1469.00              472.00             2513.00  
              1.41             1107.00             1447.00             7670.00  
              2.07             2844.00              512.00             6476.00  
              2.37               34.00             3452.00              146.00  
              2.80             2188.00              862.00             8286.00  
              3.46             1851.00              435.00             3176.00  
              3.54              538.00             1962.00             6836.00  
              4.21             2875.00              634.00             7047.00  
              4.73               62.00             1326.00              212.00  
              4.90             1848.00             1064.00             8452.00  
              5.57             2565.00              463.00             4744.00  
              5.66               38.00             4343.00             3829.00  
              6.33             2680.00              711.00             7371.00  
              6.92              302.00              772.00              710.00  
              7.04             1590.00             1157.00             8079.00  
              7.67             2564.00              492.00             5062.00  
              7.81               16.00             5786.00             1096.00  
              8.37             2598.00              770.00             8148.00  
              9.00              821.00              545.00             1468.00  
              9.09             1229.00             1366.00             7807.00  
              9.75             2825.00              551.00             6248.00  
              9.97               22.00             4808.00              228.00  
             10.47             2472.00              790.00             8460.00  
             11.13             1277.00              479.00             2136.00  
             11.22              575.00             1802.00             6603.00  
             11.89             2905.00              607.00             6940.00  
             12.42               62.00             1264.00              196.00  
             12.60             1889.00             1010.00             8595.00  
             13.30             2669.00              492.00             4769.00  
             13.41               22.00             5146.00             2378.00  
             14.00             2630.00              741.00             7997.00  
             14.65              522.00              604.00             1062.00  
             14.75             1528.00             1207.00             8387.00  
